// Jest Snapshot v1, https://goo.gl/fbAQLP

exports[`Create Editor should render properly 1`] = `ShallowWrapper {}`;
